******************************************************************************
          TMS320C6x COFF Linker PC v5.1.0                      
******************************************************************************
>> Linked Wed Jun 12 14:57:15 2019

OUTPUT FILE NAME:   <./Debug/LV2.out>
ENTRY POINT SYMBOL: "_c_int00"  address: 00025780


MEMORY CONFIGURATION

                  name            origin    length      used    attr    fill
         ----------------------  --------  ---------  --------  ----  --------
         IVECS                   00000000   00000220  00000200  RWIX
         IRAM                    00000220   0002fde0  000261cc  RWIX
         SDRAM                   80000000   01000000  00000000  RWIX
         FLASH                   90000000   00020000  00000000  RWIX


SECTION ALLOCATION MAP

 output                                  attributes/
section   page    origin      length       input sections
--------  ----  ----------  ----------   ----------------
.EXT_RAM   0    80000000    00000000     UNINITIALIZED

.data      0    00000000    00000000     UNINITIALIZED

.vectors   0    00000000    00000200     
                  00000000    00000200     Vectors_poll.obj (.vectors)

.bss       0    00000220    00000000     UNINITIALIZED

.sysmem    0    00000220    00000000     UNINITIALIZED

.switch    0    00000220    00000000     UNINITIALIZED

.cio       0    00000220    00000000     UNINITIALIZED

.csldata   0    00000220    00000000     UNINITIALIZED

.const     0    00000220    00022e58     
                  00000220    00022df8     ringmod.obj (.const)
                  00023018    00000040     dsk6713bsl.lib : dsk6713_aic23_opencodec.obj (.const)
                  00023058    00000020                    : dsk6713.obj (.const)

.text      0    00023080    00002a40     
                  00023080    000008a0     c6713dskinit.obj (.text)
                  00023920    00000480     dsk6713bsl.lib : dsk6713.obj (.text)
                  00023da0    00000440     main.obj (.text)
                  000241e0    00000320     dsk6713bsl.lib : dsk6713_aic23_opencodec.obj (.text)
                  00024500    00000240     rts6700.lib : memcpy62.obj (.text:_memcpy)
                  00024740    000001c0     csl6713.lib : csl_irq.obj (.text:_IRQ_map)
                  00024900    000001a0     dsk6713bsl.lib : dsk6713_led.obj (.text)
                  00024aa0    000001a0     csl6713.lib : csl_mcbsp.obj (.text:_MCBSP_reset)
                  00024c40    00000180     rts6700.lib : divf.obj (.text:__divf)
                  00024dc0    00000160     dsk6713bsl.lib : dsk6713_aic23_registers.obj (.text)
                  00024f20    00000140     rts6700.lib : autoinit.obj (.text:__auto_init)
                  00025060    00000140                 : exit.obj (.text:_exit)
                  000251a0    00000100     csl6713.lib : csl_mcbsp.obj (.text:_MCBSP_start)
                  000252a0    00000100     rts6700.lib : frcdivf.obj (.text:__frcdivf)
                  000253a0    00000100     csl6713.lib : csl_mcbsp.obj (.text:_MCBSP_open)
                  000254a0    000000e0     rts6700.lib : strasg.obj (.text:__strasg)
                  00025580    000000c0     dsk6713bsl.lib : dsk6713_aic23_setfreq.obj (.text)
                  00025640    000000a0     csl6713.lib : csl_mcbsp.obj (.text:_MCBSP_config)
                  000256e0    000000a0                 : csl_irq.obj (.text:_setMux)
                  00025780    00000080     rts6700.lib : boot.obj (.text:_c_int00)
                  00025800    00000080     dsk6713bsl.lib : dsk6713_dip.obj (.text)
                  00025880    00000040     csl6713.lib : csl_irq.obj (.text:_IRQ_reset)
                  000258c0    00000040     rts6700.lib : args_main.obj (.text:__args_main)
                  00025900    00000040     csl6713.lib : csl_irq.obj (.text:_IRQ_enable)
                  00025940    00000020                 : csl_mcbsp.obj (.text:_MCBSP_xrdy)
                  00025960    00000020                 : csl_mcbsp.obj (.text:_MCBSP_write)
                  00025980    00000020                 : csl_mcbsp.obj (.text:_MCBSP_rrdy)
                  000259a0    00000020                 : csl_mcbsp.obj (.text:_MCBSP_read)
                  000259c0    00000020                 : csl_mcbsp.obj (.text:_MCBSP_getXmtEventId)
                  000259e0    00000020                 : csl_irq.obj (.text:_IRQ_nmiEnable)
                  00025a00    00000020                 : csl_irq.obj (.text)
                  00025a20    00000020                 : csl_irq.obj (.text:_IRQ_globalDisable)
                  00025a40    00000020     Vectors_poll.obj (.text)
                  00025a60    00000020     rts6700.lib : exit.obj (.text:_abort)
                  00025a80    00000020                 : _lock.obj (.text:__nop)
                  00025aa0    00000020     csl6713.lib : csl_irq.obj (.text:_IRQ_globalEnable)

.stack     0    00025ac0    00000400     UNINITIALIZED
                  00025ac0    00000008     rts6700.lib : boot.obj (.stack)

.cinit     0    00025ec0    000002bc     
                  00025ec0    0000012c     csl6713.lib : csl_irq.obj (.cinit)
                  00025fec    00000004     --HOLE-- [fill = 0]
                  00025ff0    00000058     c6713dskinit.obj (.cinit)
                  00026048    00000054     csl6713.lib : csl_mcbsp.obj (.cinit)
                  0002609c    00000004     --HOLE-- [fill = 0]
                  000260a0    00000030     dsk6713bsl.lib : dsk6713_aic23_registers.obj (.cinit)
                  000260d0    0000002c     rts6700.lib : exit.obj (.cinit)
                  000260fc    00000004     --HOLE-- [fill = 0]
                  00026100    0000002c     main.obj (.cinit)
                  0002612c    00000004     --HOLE-- [fill = 0]
                  00026130    00000028     dsk6713bsl.lib : dsk6713_aic23_setfreq.obj (.cinit)
                  00026158    0000001c     rts6700.lib : _lock.obj (.cinit)
                  00026174    00000008     --HOLE-- [fill = 0]

.far       0    0002617c    00000278     UNINITIALIZED
                  0002617c    000000f4     csl6713.lib : csl_irq.obj (.far)
                  00026270    0000008c     rts6700.lib : exit.obj (.far)
                  000262fc    00000058     c6713dskinit.obj (.far)
                  00026354    00000038     csl6713.lib : csl_mcbsp.obj (.far)
                  0002638c    00000028     dsk6713bsl.lib : dsk6713_aic23_registers.obj (.far)
                  000263b4    00000020                    : dsk6713_aic23_setfreq.obj (.far)
                  000263d4    0000000c     main.obj (.far)
                  000263e0    00000008     rts6700.lib : _lock.obj (.far)
                  000263e8    00000008     dsk6713bsl.lib : dsk6713_aic23_opencodec.obj (.far)
                  000263f0    00000002                    : dsk6713.obj (.far)
                  000263f2    00000002                    : dsk6713_led.obj (.far)


GLOBAL SYMBOLS: SORTED ALPHABETICALLY BY Name 

address    name
--------   ----
00000220   $bss
00000220   .bss
00000000   .data
00023080   .text
00025a60   C$$EXIT
00026308   _AIC23CfgData
000262fc   _AIC_data
000263e8   _DSK6713_AIC23_codeccontrolhandle
000263ec   _DSK6713_AIC23_codecdatahandle
00024e80   _DSK6713_AIC23_config
000241e0   _DSK6713_AIC23_openCodec
00024e5c   _DSK6713_AIC23_rget
00024dc0   _DSK6713_AIC23_rset
00025580   _DSK6713_AIC23_setFreq
00025808   _DSK6713_DIP_get
00025800   _DSK6713_DIP_init
00024900   _DSK6713_LED_init
00024928   _DSK6713_LED_off
00024984   _DSK6713_LED_on
000249e0   _DSK6713_LED_toggle
00023d34   _DSK6713_getVersion
0002396c   _DSK6713_init
00023c88   _DSK6713_rget
00023c9c   _DSK6713_rset
000263f0   _DSK6713_version
00023cb0   _DSK6713_wait
00023d08   _DSK6713_waitusec
00025900   _IRQ_enable
00025a20   _IRQ_globalDisable
00025aa0   _IRQ_globalEnable
00024740   _IRQ_map
000259e0   _IRQ_nmiEnable
00025880   _IRQ_reset
00025640   _MCBSP_config
000259c0   _MCBSP_getXmtEventId
000253a0   _MCBSP_open
000259a0   _MCBSP_read
00024aa0   _MCBSP_reset
00025980   _MCBSP_rrdy
000251a0   _MCBSP_start
00025960   _MCBSP_write
00025940   _MCBSP_xrdy
00023da0   _RingMod
00026268   __IRQ_dispatchTable
000261a4   __IRQ_eventTable
00025a00   __IRQ_hookFetchPacket
00026228   __IRQ_intTable
00026384   __MCBSP_hDev0
00026388   __MCBSP_hDev1
00000400   __STACK_SIZE
ffffffff   ___binit__
00000220   ___bss__
ffffffff   ___c_args__
00025ec0   ___cinit__
00000000   ___data__
00000000   ___edata__
00000220   ___end__
00025ac0   ___etext__
ffffffff   ___pinit__
00023080   ___text__
000258c0   __args_main
00024f20   __auto_init
000262f4   __cleanup_ptr
00024c40   __divf
000262f8   __dtors_ptr
000252a0   __frcdivf
000263e0   __lock
00025a80   __nop
00025ac0   __stack
000254a0   __strasg
000263e4   __unlock
00025a60   _abort
00023080   _c6713_dsk_init
00025780   _c_int00
000231bc   _comm_intr
00023180   _comm_poll
00026328   _config
00000220   _diode
00025060   _exit
000263d4   _fs
00026350   _hAIC23_handle
000263dc   _index
00023758   _input_left_sample
00023830   _input_right_sample
00023634   _input_sample
000263d8   _inputsource
000240b0   _main
00024500   _memcpy
00023444   _output_left_sample
0002353c   _output_right_sample
00023300   _output_sample
00020228   _sine_matrix
00000020   _vector1
00000140   _vector10
00000160   _vector11
00000180   _vector12
000001a0   _vector13
000001c0   _vector14
000001e0   _vector15
00000040   _vector2
00000060   _vector3
00000080   _vector4
000000a0   _vector5
000000c0   _vector6
000000e0   _vector7
00000100   _vector8
00000120   _vector9
00000000   _vectors
ffffffff   binit
00025ec0   cinit
00000000   edata
00000220   end
00025ac0   etext
ffffffff   pinit


GLOBAL SYMBOLS: SORTED BY Symbol Address 

address    name
--------   ----
00000000   _vectors
00000000   ___edata__
00000000   .data
00000000   ___data__
00000000   edata
00000020   _vector1
00000040   _vector2
00000060   _vector3
00000080   _vector4
000000a0   _vector5
000000c0   _vector6
000000e0   _vector7
00000100   _vector8
00000120   _vector9
00000140   _vector10
00000160   _vector11
00000180   _vector12
000001a0   _vector13
000001c0   _vector14
000001e0   _vector15
00000220   end
00000220   ___bss__
00000220   _diode
00000220   ___end__
00000220   .bss
00000220   $bss
00000400   __STACK_SIZE
00020228   _sine_matrix
00023080   _c6713_dsk_init
00023080   .text
00023080   ___text__
00023180   _comm_poll
000231bc   _comm_intr
00023300   _output_sample
00023444   _output_left_sample
0002353c   _output_right_sample
00023634   _input_sample
00023758   _input_left_sample
00023830   _input_right_sample
0002396c   _DSK6713_init
00023c88   _DSK6713_rget
00023c9c   _DSK6713_rset
00023cb0   _DSK6713_wait
00023d08   _DSK6713_waitusec
00023d34   _DSK6713_getVersion
00023da0   _RingMod
000240b0   _main
000241e0   _DSK6713_AIC23_openCodec
00024500   _memcpy
00024740   _IRQ_map
00024900   _DSK6713_LED_init
00024928   _DSK6713_LED_off
00024984   _DSK6713_LED_on
000249e0   _DSK6713_LED_toggle
00024aa0   _MCBSP_reset
00024c40   __divf
00024dc0   _DSK6713_AIC23_rset
00024e5c   _DSK6713_AIC23_rget
00024e80   _DSK6713_AIC23_config
00024f20   __auto_init
00025060   _exit
000251a0   _MCBSP_start
000252a0   __frcdivf
000253a0   _MCBSP_open
000254a0   __strasg
00025580   _DSK6713_AIC23_setFreq
00025640   _MCBSP_config
00025780   _c_int00
00025800   _DSK6713_DIP_init
00025808   _DSK6713_DIP_get
00025880   _IRQ_reset
000258c0   __args_main
00025900   _IRQ_enable
00025940   _MCBSP_xrdy
00025960   _MCBSP_write
00025980   _MCBSP_rrdy
000259a0   _MCBSP_read
000259c0   _MCBSP_getXmtEventId
000259e0   _IRQ_nmiEnable
00025a00   __IRQ_hookFetchPacket
00025a20   _IRQ_globalDisable
00025a60   _abort
00025a60   C$$EXIT
00025a80   __nop
00025aa0   _IRQ_globalEnable
00025ac0   etext
00025ac0   __stack
00025ac0   ___etext__
00025ec0   ___cinit__
00025ec0   cinit
000261a4   __IRQ_eventTable
00026228   __IRQ_intTable
00026268   __IRQ_dispatchTable
000262f4   __cleanup_ptr
000262f8   __dtors_ptr
000262fc   _AIC_data
00026308   _AIC23CfgData
00026328   _config
00026350   _hAIC23_handle
00026384   __MCBSP_hDev0
00026388   __MCBSP_hDev1
000263d4   _fs
000263d8   _inputsource
000263dc   _index
000263e0   __lock
000263e4   __unlock
000263e8   _DSK6713_AIC23_codeccontrolhandle
000263ec   _DSK6713_AIC23_codecdatahandle
000263f0   _DSK6713_version
ffffffff   pinit
ffffffff   ___c_args__
ffffffff   ___pinit__
ffffffff   binit
ffffffff   ___binit__

[114 symbols]
